[
  {
    "sessionId": "22222222",
    "fullSessionId": "22222222-aaaa-4bbb-8ccc-000000000002",
    "project": "/work/api",
    "branch": "feature/login",
    "firstPrompt": "Fix the login bug where the session cookie expires early",
    "messages": 3,
    "date": "2026-04-02",
    "displayTitle": "Fix the login bug where the session cookie expires early",
    "recallOnly": false,
    "repository": "/work/api"
  },
  {
    "sessionId": "11111111",
    "fullSessionId": "11111111-aaaa-4bbb-8ccc-000000000001",
    "project": "/work/app",
    "branch": "main",
    "firstPrompt": "How do I configure the terraform module for staging?",
    "messages": 4,
    "date": "2026-03-01",
    "displayTitle": "How do I configure the terraform module for staging?",
    "recallOnly": false,
    "repository": "/work/app"
  }
]
