[
  {
    "sessionId": "11111111",
    "project": "/work/app",
    "branch": "main",
    "date": "2026-03-01",
    "role": "assistant",
    "content": "Use a separate workspace so the terraform state of production stays apart.",
    "messages": 4,
    "firstPrompt": "How do I configure the terraform module for staging?",
    "displayTitle": "How do I configure the terraform module for staging?",
    "recallOnly": false,
    "repository": "/work/app"
  },
  {
    "sessionId": "11111111",
    "project": "/work/app",
    "branch": "main",
    "date": "2026-03-01",
    "role": "assistant",
    "content": "Put the staging values in a terraform.tfvars file and pass the module a variables block.",
    "messages": 4,
    "firstPrompt": "How do I configure the terraform module for staging?",
    "displayTitle": "How do I configure the terraform module for staging?",
    "recallOnly": false,
    "repository": "/work/app"
  },
  {
    "sessionId": "11111111",
    "project": "/work/app",
    "branch": "main",
    "date": "2026-03-01",
    "role": "user",
    "content": "How do I configure the terraform module for staging?",
    "messages": 4,
    "firstPrompt": "How do I configure the terraform module for staging?",
    "displayTitle": "How do I configure the terraform module for staging?",
    "recallOnly": false,
    "repository": "/work/app"
  }
]
